// Jest Snapshot v1, https://goo.gl/fbAQLP

exports[`App Component Snapshot test 1`] = `
<Provider
  store={
    Object {
      "dispatch": [Function],
      "getState": [Function],
      "replaceReducer": [Function],
      "subscribe": [Function],
      Symbol(observable): [Function],
    }
  }
>
  <GlobalStyleComponent />
  <BrowserRouter>
    <styled.div>
      <Route
        component={[Function]}
        exact={true}
        path="/"
      />
    </styled.div>
  </BrowserRouter>
</Provider>
`;
