// Jest Snapshot v1, https://goo.gl/fbAQLP

exports[`<CalculatorKeyPad /> Shallow Rendering snapshot test 1`] = `
<div>
  <styled.div
    data-test-id="display-section"
  >
    <input
      aria-label="calculator operation output, select value and operation from below keypad section"
      disabled={true}
      id="calculator-field"
      name="calculatorField"
      type="text"
      value=""
    />
  </styled.div>
  <styled.div
    data-test-id="keypad-row-0"
    isLast={false}
    key="seq-row-1"
  >
    <styled.div
      key="seq-delete"
    >
      <styled.button
        data-test-id="key-D"
        isDelete={true}
        isLast={false}
        onClick={[Function]}
      >
        <span>
          AC
        </span>
      </styled.button>
    </styled.div>
    <styled.div
      key="seq-blank-1"
    >
      <Styled(styled.div)
        data-test-id="key-blank"
        isLast={false}
      />
    </styled.div>
    <styled.div
      key="seq-blank-2"
    >
      <Styled(styled.div)
        data-test-id="key-blank"
        isLast={false}
      />
    </styled.div>
    <styled.div
      key="seq-blank-3"
    >
      <Styled(styled.div)
        data-test-id="key-blank"
        isLast={true}
      />
    </styled.div>
  </styled.div>
  <styled.div
    data-test-id="keypad-row-1"
    isLast={false}
    key="seq-row-2"
  >
    <styled.div
      key="seq-1"
    >
      <styled.button
        data-test-id="key-1"
        isLast={false}
        onClick={[Function]}
      >
        <span>
          1
        </span>
      </styled.button>
    </styled.div>
    <styled.div
      key="seq-2"
    >
      <styled.button
        data-test-id="key-2"
        isLast={false}
        onClick={[Function]}
      >
        <span>
          2
        </span>
      </styled.button>
    </styled.div>
    <styled.div
      key="seq-3"
    >
      <styled.button
        data-test-id="key-3"
        isLast={false}
        onClick={[Function]}
      >
        <span>
          3
        </span>
      </styled.button>
    </styled.div>
    <styled.div
      key="seq-+"
    >
      <styled.button
        data-test-id="key-+"
        isLast={true}
        onClick={[Function]}
      >
        <span>
          +
        </span>
      </styled.button>
    </styled.div>
  </styled.div>
  <styled.div
    data-test-id="keypad-row-2"
    isLast={false}
    key="seq-row-3"
  >
    <styled.div
      key="seq-4"
    >
      <styled.button
        data-test-id="key-4"
        isLast={false}
        onClick={[Function]}
      >
        <span>
          4
        </span>
      </styled.button>
    </styled.div>
    <styled.div
      key="seq-5"
    >
      <styled.button
        data-test-id="key-5"
        isLast={false}
        onClick={[Function]}
      >
        <span>
          5
        </span>
      </styled.button>
    </styled.div>
    <styled.div
      key="seq-6"
    >
      <styled.button
        data-test-id="key-6"
        isLast={false}
        onClick={[Function]}
      >
        <span>
          6
        </span>
      </styled.button>
    </styled.div>
    <styled.div
      key="seq--"
    >
      <styled.button
        data-test-id="key--"
        isLast={true}
        onClick={[Function]}
      >
        <span>
          -
        </span>
      </styled.button>
    </styled.div>
  </styled.div>
  <styled.div
    data-test-id="keypad-row-3"
    isLast={false}
    key="seq-row-4"
  >
    <styled.div
      key="seq-7"
    >
      <styled.button
        data-test-id="key-7"
        isLast={false}
        onClick={[Function]}
      >
        <span>
          7
        </span>
      </styled.button>
    </styled.div>
    <styled.div
      key="seq-8"
    >
      <styled.button
        data-test-id="key-8"
        isLast={false}
        onClick={[Function]}
      >
        <span>
          8
        </span>
      </styled.button>
    </styled.div>
    <styled.div
      key="seq-9"
    >
      <styled.button
        data-test-id="key-9"
        isLast={false}
        onClick={[Function]}
      >
        <span>
          9
        </span>
      </styled.button>
    </styled.div>
    <styled.div
      key="seq-*"
    >
      <styled.button
        data-test-id="key-*"
        isLast={true}
        onClick={[Function]}
      >
        <span>
          *
        </span>
      </styled.button>
    </styled.div>
  </styled.div>
  <styled.div
    data-test-id="keypad-row-4"
    isLast={true}
    key="seq-row-5"
  >
    <styled.div
      key="seq-."
    >
      <styled.button
        data-test-id="key-."
        isLast={false}
        onClick={[Function]}
      >
        <span>
          .
        </span>
      </styled.button>
    </styled.div>
    <styled.div
      key="seq-0"
    >
      <styled.button
        data-test-id="key-0"
        isLast={false}
        onClick={[Function]}
      >
        <span>
          0
        </span>
      </styled.button>
    </styled.div>
    <styled.div
      key="seq-="
    >
      <styled.button
        data-test-id="key-="
        isLast={false}
        onClick={[Function]}
      >
        <span>
          =
        </span>
      </styled.button>
    </styled.div>
    <styled.div
      key="seq-/"
    >
      <styled.button
        data-test-id="key-/"
        isLast={true}
        onClick={[Function]}
      >
        <span>
          /
        </span>
      </styled.button>
    </styled.div>
  </styled.div>
</div>
`;
